Démarré par l'utilisateur [8mha:AAAAlh+LCAAAAAAAAP9b85aBtbiIQTGjNKU4P08vOT+vOD8nVc83PyU1x6OyILUoJzMv2y+/JJUBAhiZGBgqihhk0NSjKDWzXb3RdlLBUSYGJk8GtpzUvPSSDB8G5tKinBIGIZ+sxLJE/ZzEvHT94JKizLx0a6BxUmjGOUNodHsLgAzOEgYu/dLi1CL9vNKcHACFIKlWvwAAAA==[0manonymous
Building in workspace D:\ext\Jenkins\jobs\TestLink SandBox\workspace
Updating file:///D:/repo/spo131031/svn/Tools/testlink/trunk at revision '2013-11-15T10:05:35.292 +0100'
At revision 5
no change for file:///D:/repo/spo131031/svn/Tools/testlink/trunk since the previous build
Préparation du client de lAPI TestLink.
URL utilisée: http://localhost/testlink/lib/api/xmlrpc/v1/xmlrpc.php

Trouvé 2 Cas de Test Automatisés TestLink.

Tri des cas de test par lordre dexécution du plan de test TestLink.

Exécution de Build Steps unique.

Fusion des variable denvironnement du build avec les variables de TestLink.

[workspace] $ cmd /c call E:\TEMP\hudson8230739106033811248.bat
Single Build Steps...
TESTLINK_BUILD_NAME=Build Name
TESTLINK_TESTPLAN_NAME=Test Plan 1
TESTLINK_TESTPROJECT_NAME=Sandbox
TESTLINK_TESTCASE_TOTAL=2
Single Build Steps End

D:\ext\Jenkins\jobs\TestLink SandBox\workspace>exit 0 
Exécution de Build Steps itérative.

Fusion des variable denvironnement du build avec les variables de TestLink.

[workspace] $ cmd /c call E:\TEMP\hudson1727056873274172045.bat
Iterative Test Build Steps...
TESTLINK_TESTCASE_ID= 14
TESTLINK_TESTCASE_NAME= Test Case 3
TESTLINK_TESTCASE_TESTSUITEID= null
TESTLINK_TESTCASE_TESTPROJECTID= 1
TESTLINK_TESTCASE_AUTHOR= null
TESTLINK_TESTCASE_SUMMARY= 
TESTLINK_BUILD_NAME= Build Name
TESTLINK_TESTPLAN_NAME= Test Plan 1
TESTLINK_TESTPROJECT_NAME= Sandbox
TESTLINK_TESTCASE_PYTHON_CLASS= tl001.test_223
Iterative Test Build Steps End

D:\ext\Jenkins\jobs\TestLink SandBox\workspace>exit 0 
[workspace] $ cmd /c call E:\TEMP\hudson5941260619597531067.bat
Executing python...

D:\ext\Jenkins\jobs\TestLink SandBox\workspace>python tl000.py 
initmain.pth: D:\ext\Python27\Lib\site-packages\initmain.pth
_PTH= lalala
tl000.py
Executing python Done...

D:\ext\Jenkins\jobs\TestLink SandBox\workspace>exit 0 
[workspace] $ cmd /c call E:\TEMP\hudson2046216329464947285.bat
Executing nose...

D:\ext\Jenkins\jobs\TestLink SandBox\workspace>n.bat

D:\ext\Jenkins\jobs\TestLink SandBox\workspace>nosetests -c nose.cfg . 
nose.config: INFO: Ignoring files matching ['^\\.', '^_', '^setup\\.py$']
nose.nosexunit.plugin: INFO: add folder in sys.path: D:\ext\Jenkins\jobs\TestLink SandBox\workspace
tl001.test_224 ... ok
tl001.test_225 ... FAIL
tl001.test_223 ... FAIL

======================================================================
FAIL: tl001.test_225
----------------------------------------------------------------------
Traceback (most recent call last):
  File "D:\ext\Python27\lib\site-packages\nose\case.py", line 197, in runTest
    self.test(*self.arg)
  File "D:\ext\Jenkins\jobs\TestLink SandBox\workspace\tl001.py", line 7, in test_225
    assert 2*2 == 5
AssertionError

======================================================================
FAIL: tl001.test_223
----------------------------------------------------------------------
Traceback (most recent call last):
  File "D:\ext\Python27\lib\site-packages\nose\case.py", line 197, in runTest
    self.test(*self.arg)
  File "D:\ext\Jenkins\jobs\TestLink SandBox\workspace\tl001.py", line 11, in test_223
    assert 2*2 == 3
AssertionError

Name    Stmts   Exec  Cover   Missing
-------------------------------------
tl000       1      1   100%   
tl001       9      9   100%   
-------------------------------------
TOTAL      10     10   100%   
nose.nosexunit.cover: ERROR: failed to cyclonize tl000
initmain.pth: D:\ext\Python27\Lib\site-packages\initmain.pth
_PTH= lalala
D:\ext\Jenkins\jobs\TestLink SandBox\workspace\tl000.pyc
test_224
test_225
test_223
----------------------------------------------------------------------
Ran 3 tests in 0.078s

FAILED (failures=2)
[workspace] $ cmd /c call E:\TEMP\hudson5449578774675849968.bat

D:\ext\Jenkins\jobs\TestLink SandBox\workspace>exit 0 
Fusion des variable denvironnement du build avec les variables de TestLink.

[workspace] $ cmd /c call E:\TEMP\hudson4864817216002211025.bat
Iterative Test Build Steps...
TESTLINK_TESTCASE_ID= 19
TESTLINK_TESTCASE_NAME= tl001
TESTLINK_TESTCASE_TESTSUITEID= null
TESTLINK_TESTCASE_TESTPROJECTID= 1
TESTLINK_TESTCASE_AUTHOR= null
TESTLINK_TESTCASE_SUMMARY= 
TESTLINK_BUILD_NAME= Build Name
TESTLINK_TESTPLAN_NAME= Test Plan 1
TESTLINK_TESTPROJECT_NAME= Sandbox
TESTLINK_TESTCASE_PYTHON_CLASS= tl001.test_224
Iterative Test Build Steps End

D:\ext\Jenkins\jobs\TestLink SandBox\workspace>exit 0 
[workspace] $ cmd /c call E:\TEMP\hudson6691482189658795480.bat
Executing python...

D:\ext\Jenkins\jobs\TestLink SandBox\workspace>python tl000.py 
initmain.pth: D:\ext\Python27\Lib\site-packages\initmain.pth
_PTH= lalala
tl000.py
Executing python Done...

D:\ext\Jenkins\jobs\TestLink SandBox\workspace>exit 0 
[workspace] $ cmd /c call E:\TEMP\hudson5607782924421011586.bat
Executing nose...

D:\ext\Jenkins\jobs\TestLink SandBox\workspace>n.bat

D:\ext\Jenkins\jobs\TestLink SandBox\workspace>nosetests -c nose.cfg . 
nose.config: INFO: Ignoring files matching ['^\\.', '^_', '^setup\\.py$']
nose.nosexunit.plugin: INFO: add folder in sys.path: D:\ext\Jenkins\jobs\TestLink SandBox\workspace
tl001.test_224 ... ok
tl001.test_225 ... FAIL
tl001.test_223 ... FAIL

======================================================================
FAIL: tl001.test_225
----------------------------------------------------------------------
Traceback (most recent call last):
  File "D:\ext\Python27\lib\site-packages\nose\case.py", line 197, in runTest
    self.test(*self.arg)
  File "D:\ext\Jenkins\jobs\TestLink SandBox\workspace\tl001.py", line 7, in test_225
    assert 2*2 == 5
AssertionError

======================================================================
FAIL: tl001.test_223
----------------------------------------------------------------------
Traceback (most recent call last):
  File "D:\ext\Python27\lib\site-packages\nose\case.py", line 197, in runTest
    self.test(*self.arg)
  File "D:\ext\Jenkins\jobs\TestLink SandBox\workspace\tl001.py", line 11, in test_223
    assert 2*2 == 3
AssertionError

Name    Stmts   Exec  Cover   Missing
-------------------------------------
tl000       1      1   100%   
tl001       9      9   100%   
-------------------------------------
TOTAL      10     10   100%   
nose.nosexunit.cover: ERROR: failed to cyclonize tl000
initmain.pth: D:\ext\Python27\Lib\site-packages\initmain.pth
_PTH= lalala
D:\ext\Jenkins\jobs\TestLink SandBox\workspace\tl000.pyc
test_224
test_225
test_223
----------------------------------------------------------------------
Ran 3 tests in 0.031s

FAILED (failures=2)
[workspace] $ cmd /c call E:\TEMP\hudson8389749500999723847.bat

D:\ext\Jenkins\jobs\TestLink SandBox\workspace>exit 0 
Recherche du résutat du cas de test de TestLink.

Recherche de résutats de test dans les classes JUnit.

Mise à jour de cas de test.

Mise à jour de cas de test.

2 résultats de test trouvés.

There are failed tests, setting the build result as UNSTABLE.
Build step 'Invoke TestLink' changed build result to UNSTABLE
Enregistrement des résultats des tests
Finished: UNSTABLE
